---
source: quic/s2n-quic-core/src/varint/mod.rs
expression: read_table(2u64.pow(i))
---
(
    2,
    4,
    30,
)
