---
source: quic/s2n-quic-transport/src/space/rx_packet_numbers/ack_eliciting_transmission.rs
expression: "size_of::<AckElicitingTransmissionSet>()"
---
32
